\BOOKMARK [1][-]{section*.1}{\376\377\000R\000\351\000s\000u\000m\000\351}{}% 1
\BOOKMARK [1][-]{section*.3}{\376\377\000S\000o\000m\000m\000a\000i\000r\000e}{}% 2
\BOOKMARK [1][-]{section*.5}{\376\377\000I\000n\000t\000r\000o\000d\000u\000c\000t\000i\000o\000n\000\040\000g\000\351\000n\000\351\000r\000a\000l\000e}{}% 3
\BOOKMARK [1][-]{section.1}{\376\377\000P\000o\000s\000i\000t\000i\000o\000n\000\040\000d\000u\000\040\000p\000r\000o\000b\000l\000\350\000m\000e}{}% 4
\BOOKMARK [2][-]{subsection.1.1}{\376\377\000D\000'\000u\000n\000\040\000c\000o\000u\000r\000t\000i\000e\000r\000\040\000e\000n\000\040\000\351\000n\000e\000r\000g\000i\000e\000\040\000\340\000\040\000u\000n\000\040\000o\000r\000g\000a\000n\000i\000s\000m\000e\000\040\000d\000e\000\040\000f\000o\000r\000m\000a\000t\000i\000o\000n}{section.1}% 5
\BOOKMARK [2][-]{subsection.1.2}{\376\377\000L\000a\000\040\000f\000o\000r\000m\000a\000t\000i\000o\000n\000\040\000\340\000\040\000d\000i\000s\000t\000a\000n\000c\000e\000\040\000:\000\040\000u\000n\000e\000\040\000o\000p\000p\000o\000r\000t\000u\000n\000i\000t\000\351\000\040\000f\000r\000e\000i\000n\000\351\000e\000\040\000p\000a\000r\000\040\000s\000o\000n\000\040\000c\000o\000\373\000t}{section.1}% 6
\BOOKMARK [2][-]{subsection.1.3}{\376\377\000P\000r\000e\000m\000i\000\350\000r\000e\000\040\000r\000\351\000p\000o\000n\000s\000e\000\040\000:\000\040\000s\000\351\000p\000a\000r\000e\000r\000\040\000l\000a\000\040\000p\000r\000o\000d\000u\000c\000t\000i\000o\000n\000\040\000d\000u\000\040\000c\000o\000u\000r\000s\000\040\000d\000e\000\040\000s\000a\000\040\000d\000i\000f\000f\000u\000s\000i\000o\000n}{section.1}% 7
\BOOKMARK [2][-]{subsection.1.4}{\376\377\000D\000e\000\040\000l\000'\000I\000A\000\040\000d\000'\000a\000s\000s\000i\000s\000t\000a\000n\000c\000e\000\040\000\340\000\040\000l\000'\000a\000m\000b\000i\000t\000i\000o\000n\000\040\000d\000'\000u\000n\000e\000\040\000p\000l\000a\000t\000e\000f\000o\000r\000m\000e\000\040\000a\000u\000t\000o\000n\000o\000m\000e}{section.1}% 8
\BOOKMARK [2][-]{subsection.1.5}{\376\377\000L\000e\000s\000\040\000e\000s\000s\000a\000i\000s\000\040\000d\000e\000\040\000s\000y\000n\000t\000h\000\350\000s\000e\000\040\000v\000o\000c\000a\000l\000e\000\040\000e\000t\000\040\000l\000e\000u\000r\000s\000\040\000l\000i\000m\000i\000t\000e\000s}{section.1}% 9
\BOOKMARK [2][-]{subsection.1.6}{\376\377\000L\000e\000\040\000c\000o\000u\000r\000s\000\040\000p\000r\000\351\000e\000n\000r\000e\000g\000i\000s\000t\000r\000\351\000\040\000n\000e\000\040\000r\000e\000m\000p\000l\000a\000c\000e\000\040\000p\000a\000s\000\040\000l\000e\000\040\000f\000o\000r\000m\000a\000t\000e\000u\000r}{section.1}% 10
\BOOKMARK [2][-]{subsection.1.7}{\376\377\000U\000n\000e\000\040\000c\000l\000a\000s\000s\000e\000\040\000d\000e\000\040\000p\000r\000o\000b\000l\000\350\000m\000e\000s\000\040\000a\000u\000-\000d\000e\000l\000\340\000\040\000d\000'\000A\000u\000d\000i\000t\000\040\000\311\000n\000e\000r\000g\000i\000e}{section.1}% 11
\BOOKMARK [2][-]{subsection.1.8}{\376\377\000L\000e\000s\000\040\000e\000x\000i\000g\000e\000n\000c\000e\000s\000\040\000q\000u\000i\000\040\000e\000n\000c\000a\000d\000r\000e\000n\000t\000\040\000l\000e\000\040\000p\000r\000o\000b\000l\000\350\000m\000e}{section.1}% 12
\BOOKMARK [2][-]{subsection.1.9}{\376\377\000F\000o\000r\000m\000u\000l\000a\000t\000i\000o\000n\000\040\000d\000e\000\040\000l\000a\000\040\000p\000r\000o\000b\000l\000\351\000m\000a\000t\000i\000q\000u\000e}{section.1}% 13
\BOOKMARK [2][-]{subsection.1.10}{\376\377\000O\000b\000j\000e\000c\000t\000i\000f\000s\000\040\000d\000e\000\040\000l\000a\000\040\000s\000o\000l\000u\000t\000i\000o\000n\000\040\000a\000t\000t\000e\000n\000d\000u\000e}{section.1}% 14
\BOOKMARK [2][-]{subsection.1.11}{\376\377\000M\000o\000t\000i\000v\000a\000t\000i\000o\000n\000,\000\040\000p\000\351\000r\000i\000m\000\350\000t\000r\000e\000\040\000e\000t\000\040\000t\000r\000a\000n\000s\000i\000t\000i\000o\000n}{section.1}% 15
\BOOKMARK [1][-]{section.2}{\376\377\000\311\000t\000a\000t\000\040\000d\000e\000\040\000l\000'\000a\000r\000t}{}% 16
\BOOKMARK [2][-]{subsection.2.1}{\376\377\000P\000o\000s\000i\000t\000i\000o\000n\000n\000e\000m\000e\000n\000t\000\040\000d\000e\000\040\000l\000'\000\351\000t\000a\000t\000\040\000d\000e\000\040\000l\000'\000a\000r\000t}{section.2}% 17
\BOOKMARK [2][-]{subsection.2.2}{\376\377\000M\000o\000d\000\350\000l\000e\000s\000\040\000d\000e\000\040\000l\000a\000n\000g\000a\000g\000e\000\040\000e\000t\000\040\000a\000d\000a\000p\000t\000a\000t\000i\000o\000n\000\040\000a\000u\000\040\000c\000o\000n\000t\000e\000x\000t\000e}{section.2}% 18
\BOOKMARK [2][-]{subsection.2.3}{\376\377\000F\000i\000n\000e\000-\000t\000u\000n\000i\000n\000g\000\040\000e\000t\000\040\000s\000p\000\351\000c\000i\000a\000l\000i\000s\000a\000t\000i\000o\000n\000\040\000d\000u\000\040\000m\000o\000d\000\350\000l\000e}{section.2}% 19
\BOOKMARK [2][-]{subsection.2.4}{\376\377\000R\000A\000G\000\040\000:\000\040\000a\000n\000c\000r\000e\000r\000\040\000l\000a\000\040\000g\000\351\000n\000\351\000r\000a\000t\000i\000o\000n\000\040\000d\000a\000n\000s\000\040\000d\000e\000s\000\040\000d\000o\000c\000u\000m\000e\000n\000t\000s}{section.2}% 20
\BOOKMARK [2][-]{subsection.2.5}{\376\377\000T\000e\000c\000h\000n\000i\000q\000u\000e\000s\000\040\000d\000e\000\040\000r\000e\000c\000h\000e\000r\000c\000h\000e\000\040\000d\000a\000n\000s\000\040\000l\000e\000s\000\040\000a\000r\000c\000h\000i\000t\000e\000c\000t\000u\000r\000e\000s\000\040\000R\000A\000G}{section.2}% 21
\BOOKMARK [2][-]{subsection.2.6}{\376\377\000A\000z\000u\000r\000e\000\040\000A\000I\000\040\000S\000e\000a\000r\000c\000h\000\040\000c\000o\000m\000m\000e\000\040\000a\000p\000p\000r\000o\000c\000h\000e\000\040\000i\000n\000d\000u\000s\000t\000r\000i\000e\000l\000l\000e\000\040\000d\000u\000\040\000R\000A\000G}{section.2}% 22
\BOOKMARK [2][-]{subsection.2.7}{\376\377\000\311\000v\000a\000l\000u\000a\000t\000i\000o\000n\000\040\000d\000e\000s\000\040\000s\000y\000s\000t\000\350\000m\000e\000s\000\040\000R\000A\000G}{section.2}% 23
\BOOKMARK [2][-]{subsection.2.8}{\376\377\000G\000\351\000n\000\351\000r\000a\000t\000i\000o\000n\000\040\000d\000e\000\040\000c\000o\000n\000t\000e\000n\000u\000s\000\040\000l\000o\000n\000g\000s\000\040\000p\000a\000r\000\040\000p\000r\000o\000m\000p\000t\000\040\000u\000n\000i\000q\000u\000e}{section.2}% 24
\BOOKMARK [2][-]{subsection.2.9}{\376\377\000D\000\351\000c\000o\000m\000p\000o\000s\000i\000t\000i\000o\000n\000\040\000d\000e\000\040\000t\000\342\000c\000h\000e\000s\000\040\000e\000t\000\040\000g\000\351\000n\000\351\000r\000a\000t\000i\000o\000n\000\040\000s\000t\000r\000u\000c\000t\000u\000r\000\351\000e}{section.2}% 25
\BOOKMARK [2][-]{subsection.2.10}{\376\377\000A\000u\000t\000o\000-\000\351\000v\000a\000l\000u\000a\000t\000i\000o\000n\000,\000\040\000r\000e\000v\000i\000e\000w\000s\000\040\000a\000u\000t\000o\000m\000a\000t\000i\000q\000u\000e\000s\000\040\000e\000t\000\040\000v\000a\000l\000i\000d\000a\000t\000i\000o\000n\000\040\000h\000u\000m\000a\000i\000n\000e}{section.2}% 26
\BOOKMARK [2][-]{subsection.2.11}{\376\377\000\311\000v\000a\000l\000u\000a\000t\000i\000o\000n\000\040\000d\000e\000s\000\040\000c\000o\000n\000t\000e\000n\000u\000s\000\040\000p\000\351\000d\000a\000g\000o\000g\000i\000q\000u\000e\000s\000\040\000g\000\351\000n\000\351\000r\000\351\000s}{section.2}% 27
\BOOKMARK [2][-]{subsection.2.12}{\376\377\000S\000y\000n\000t\000h\000\350\000s\000e\000\040\000c\000r\000i\000t\000i\000q\000u\000e}{section.2}% 28
\BOOKMARK [2][-]{subsection.2.13}{\376\377\000T\000a\000b\000l\000e\000a\000u\000\040\000r\000\351\000c\000a\000p\000i\000t\000u\000l\000a\000t\000i\000f\000\040\000d\000e\000s\000\040\000a\000p\000p\000r\000o\000c\000h\000e\000s}{section.2}% 29
\BOOKMARK [2][-]{subsection.2.14}{\376\377\000C\000o\000m\000p\000a\000r\000a\000i\000s\000o\000n\000s\000\040\000e\000t\000\040\000\351\000v\000a\000l\000u\000a\000t\000i\000o\000n\000s\000\040\000\340\000\040\000r\000\351\000a\000l\000i\000s\000e\000r}{section.2}% 30
\BOOKMARK [1][-]{section.3}{\376\377\000\311\000t\000u\000d\000e\000\040\000o\000r\000i\000g\000i\000n\000a\000l\000e}{}% 31
\BOOKMARK [2][-]{subsection.3.1}{\376\377\000O\000b\000j\000e\000c\000t\000i\000f\000\040\000d\000e\000\040\000l\000'\000a\000p\000p\000r\000o\000c\000h\000e\000\040\000p\000r\000o\000p\000o\000s\000\351\000e}{section.3}% 32
\BOOKMARK [2][-]{subsection.3.2}{\376\377\000M\000o\000d\000\350\000l\000e\000\040\000f\000o\000n\000c\000t\000i\000o\000n\000n\000e\000l\000\040\000d\000e\000\040\000l\000a\000\040\000p\000l\000a\000t\000e\000f\000o\000r\000m\000e}{section.3}% 33
\BOOKMARK [2][-]{subsection.3.3}{\376\377\000P\000r\000i\000n\000c\000i\000p\000e\000\040\000a\000r\000c\000h\000i\000t\000e\000c\000t\000u\000r\000a\000l\000\040\000:\000\040\000u\000n\000\040\000R\000N\000C\000P\000,\000\040\000u\000n\000\040\000m\000o\000d\000u\000l\000e\000\040\000d\000u\000r\000a\000b\000l\000e}{section.3}% 34
\BOOKMARK [2][-]{subsection.3.4}{\376\377\000A\000r\000c\000h\000i\000t\000e\000c\000t\000u\000r\000e\000\040\000t\000e\000c\000h\000n\000i\000q\000u\000e\000\040\000g\000\351\000n\000\351\000r\000a\000l\000e}{section.3}% 35
\BOOKMARK [2][-]{subsection.3.5}{\376\377\000A\000s\000s\000i\000s\000t\000a\000n\000t\000\040\000p\000\351\000d\000a\000g\000o\000g\000i\000q\000u\000e\000\040\000:\000\040\000c\000h\000o\000i\000x\000\040\000d\000u\000\040\000R\000A\000G\000\040\000A\000z\000u\000r\000e}{section.3}% 36
\BOOKMARK [2][-]{subsection.3.6}{\376\377\000P\000i\000p\000e\000l\000i\000n\000e\000\040\000d\000e\000\040\000f\000o\000r\000m\000a\000t\000i\000o\000n\000\040\000:\000\040\000d\000e\000\040\000l\000a\000\040\000s\000o\000u\000r\000c\000e\000\040\000a\000u\000\040\000m\000o\000d\000u\000l\000e}{section.3}% 37
\BOOKMARK [2][-]{subsection.3.7}{\376\377\000E\000n\000r\000i\000c\000h\000i\000s\000s\000e\000m\000e\000n\000t\000\040\000d\000e\000\040\000l\000a\000\040\000s\000o\000u\000r\000c\000e\000\040\000p\000\351\000d\000a\000g\000o\000g\000i\000q\000u\000e}{section.3}% 38
\BOOKMARK [2][-]{subsection.3.8}{\376\377\000P\000l\000a\000n\000\040\000J\000S\000O\000N\000\040\000c\000o\000m\000m\000e\000\040\000c\000o\000n\000t\000r\000a\000t\000\040\000p\000\351\000d\000a\000g\000o\000g\000i\000q\000u\000e}{section.3}% 39
\BOOKMARK [2][-]{subsection.3.9}{\376\377\000G\000\351\000n\000\351\000r\000a\000t\000i\000o\000n\000\040\000p\000a\000r\000\040\000s\000e\000c\000t\000i\000o\000n\000s\000\040\000e\000t\000\040\000c\000o\000n\000t\000r\000\364\000l\000e\000\040\000d\000e\000s\000\040\000b\000u\000d\000g\000e\000t\000s}{section.3}% 40
\BOOKMARK [2][-]{subsection.3.10}{\376\377\000R\000e\000v\000i\000e\000w\000s\000\040\000c\000i\000b\000l\000\351\000e\000s\000\040\000e\000t\000\040\000a\000u\000d\000i\000t\000a\000b\000i\000l\000i\000t\000\351}{section.3}% 41
\BOOKMARK [2][-]{subsection.3.11}{\376\377\000S\000l\000i\000d\000e\000s\000\040\000a\000n\000c\000h\000o\000r\000-\000f\000i\000r\000s\000t\000\040\000e\000t\000\040\000c\000o\000h\000\351\000r\000e\000n\000c\000e\000\040\000p\000\351\000d\000a\000g\000o\000g\000i\000q\000u\000e}{section.3}% 42
\BOOKMARK [2][-]{subsection.3.12}{\376\377\000A\000u\000d\000i\000o\000\040\000e\000t\000\040\000t\000r\000a\000n\000s\000f\000o\000r\000m\000a\000t\000i\000o\000n\000\040\000T\000T\000S}{section.3}% 43
\BOOKMARK [2][-]{subsection.3.13}{\376\377\000R\000\351\000s\000u\000l\000t\000a\000t\000s\000\040\000o\000b\000t\000e\000n\000u\000s}{section.3}% 44
\BOOKMARK [2][-]{subsection.3.14}{\376\377\000C\000o\000m\000p\000a\000r\000a\000i\000s\000o\000n\000\040\000a\000v\000e\000c\000\040\000l\000e\000s\000\040\000a\000p\000p\000r\000o\000c\000h\000e\000s\000\040\000d\000e\000\040\000l\000'\000\351\000t\000a\000t\000\040\000d\000e\000\040\000l\000'\000a\000r\000t}{section.3}% 45
\BOOKMARK [2][-]{subsection.3.15}{\376\377\000\311\000v\000a\000l\000u\000a\000t\000i\000o\000n\000s\000\040\000\340\000\040\000c\000o\000n\000s\000o\000l\000i\000d\000e\000r}{section.3}% 46
\BOOKMARK [2][-]{subsection.3.16}{\376\377\000C\000o\000n\000d\000i\000t\000i\000o\000n\000s\000\040\000d\000'\000a\000p\000p\000l\000i\000c\000a\000t\000i\000o\000n}{section.3}% 47
\BOOKMARK [2][-]{subsection.3.17}{\376\377\000L\000i\000m\000i\000t\000e\000s\000\040\000d\000e\000\040\000l\000a\000\040\000c\000o\000n\000t\000r\000i\000b\000u\000t\000i\000o\000n}{section.3}% 48
\BOOKMARK [2][-]{subsection.3.18}{\376\377\000P\000i\000s\000t\000e\000s\000\040\000d\000'\000a\000m\000\351\000l\000i\000o\000r\000a\000t\000i\000o\000n}{section.3}% 49
\BOOKMARK [2][-]{subsection.3.19}{\376\377\000A\000p\000p\000o\000r\000t\000s\000\040\000p\000r\000o\000f\000e\000s\000s\000i\000o\000n\000n\000e\000l\000s\000\040\000e\000t\000\040\000m\000o\000n\000t\000\351\000e\000\040\000e\000n\000\040\000c\000o\000m\000p\000\351\000t\000e\000n\000c\000e\000s}{section.3}% 50
\BOOKMARK [1][-]{section*.10}{\376\377\000C\000o\000n\000c\000l\000u\000s\000i\000o\000n\000\040\000g\000\351\000n\000\351\000r\000a\000l\000e}{}% 51
\BOOKMARK [1][-]{section*.12}{\376\377\000B\000i\000b\000l\000i\000o\000g\000r\000a\000p\000h\000i\000e}{}% 52
